[www.jukemotion.com/index.html]
[www.granittech.com/index.html]
[www.clubio.net/index.html]
[backblue.gif]
[fade.gif]
[index.html]
[www.spoileralert.life/index.html]
[lerative.com/feed/index.html]
[lerative.com/comments/feed/index.html]
[lerative.com/wp-includes/wlwmanifest.xml]
[lerative.com/wp-json/index.html]
[lerative.com/wp-json/oembed/1.0/embeda10d.json]
[lerative.com/wp-json/oembed/1.0/embedbe49]
[lerative.com/wp-content/uploads/2017/12/cropped-lerativeRectLogo-32x32.png]
[lerative.com/wp-content/uploads/2017/12/cropped-lerativeRectLogo-192x192.png]
[lerative.com/wp-content/uploads/2017/12/cropped-lerativeRectLogo-180x180.png]
[lerative.com/wp-content/uploads/2017/12/lerativeNameLogo-e1513783994180.png]
[lerative.com/wp-content/uploads/2017/11/pexels-photo-256546-1800x600.jpg]
[lerative.com/wp-content/uploads/2017/11/Screen-Shot-2017-11-12-at-3.27.10-PM-1800x600.png]
[lerative.com/wp-content/uploads/2017/11/reader-mockup-1-x2-147x300.png]
[lerative.com/wp-content/uploads/2017/11/reader-mockup-2-x2-147x300.png]
[lerative.com/wp-content/uploads/2017/11/Screen-Shot-2017-11-12-at-3.27.10-PM-272x182.png]
[lerative.com/wp-content/uploads/2017/11/patrick-tomasso-71909-272x182.jpg]
[lerative.com/wp-content/uploads/2017/11/ben-kolde-367197-272x182.jpg]
[lerative.com/index.html]
[covetedapp.com/xmlrpc.php]
[www.google-analytics.com/analytics.js]
[covetedapp.com/feed/index.html]
[covetedapp.com/wp-content/plugins/contact-form-7/includes/css/styles5859.css]
[covetedapp.com/comments/feed/index.html]
[covetedapp.com/wp-content/plugins/revslider/public/assets/css/settings6dc3.css]
[covetedapp.com/wp-content/plugins/woocommerce/assets/css/woocommerce-layoute1e3.css]
[covetedapp.com/wp-content/plugins/woocommerce/assets/css/woocommerce-smallscreene1e3.css]
[covetedapp.com/wp-content/plugins/woocommerce/assets/css/woocommercee1e3.css]
[covetedapp.com/wp-content/themes/massive-dynamic/stylede54.css]
[covetedapp.com/wp-content/uploads/md_cache/8838fa67.css]
[covetedapp.com/wp-content/themes/massive-dynamic/assets/css/plugin.min.css]
[covetedapp.com/wp-content/themes/massive-dynamic/assets/css/woo-commerce.minde54.css]
[covetedapp.com/wp-content/themes/massive-dynamic/assets/css/iconfonts.min.css]
[covetedapp.com/wp-content/themes/massive-dynamic/assets/css/flexslider.min.css]
[covetedapp.com/wp-content/themes/massive-dynamic/assets/css/responsive.minde54.css]
[covetedapp.com/wp-content/themes/massive-dynamic/lib/customizer/assets/images/texture/1.png]
[covetedapp.com/wp-content/plugins/contact-widgets/assets/css/style.minf269.css]
[covetedapp.com/wp-content/plugins/godaddy-email-marketing-sign-up-forms/css/gem.min7359.css]
[covetedapp.com/wp-content/plugins/js_composer/assets/css/js_composer.min7661.css]
[covetedapp.com/wp-content/plugins/masterslider/public/assets/css/masterslider.mainee9a.css]
[covetedapp.com/wp-content/uploads/masterslider/custom62ea.css]
[covetedapp.com/wp-content/plugins/add-to-any/addtoany.mind50e.css]
[covetedapp.com/wp-content/themes/massive-dynamic/assets/css/bootstrap.min.css]
[covetedapp.com/wp-includes/js/jquery/jqueryb8ff.js]
[covetedapp.com/wp-includes/js/jquery/jquery-migrate.min330a.js]
[covetedapp.com/wp-content/plugins/google-analytics-for-wordpress/assets/js/frontend.min4118.js]
[covetedapp.com/wp-content/plugins/add-to-any/addtoany.min5152.js]
[covetedapp.com/wp-content/plugins/revslider/public/assets/js/jquery.themepunch.tools.min6dc3.js]
[covetedapp.com/wp-content/plugins/revslider/public/assets/js/jquery.themepunch.revolution.min6dc3.js]
[covetedapp.com/wp-content/plugins/woocommerce/assets/js/frontend/add-to-cart.mine1e3.js]
[covetedapp.com/wp-content/plugins/wp-scroll-depth/js/jquery-scrolldepth/jquery.scrolldepth.min5859.js]
[covetedapp.com/wp-content/plugins/js_composer/assets/js/vendors/woocommerce-add-to-cart7661.js]
[covetedapp.com/wp-content/plugins/pixelyoursite/js/publicaaf9.js]
[covetedapp.com/wp-content/themes/massive-dynamic/assets/js/jquery.flexslider-min.js]
[covetedapp.com/xmlrpc0db0.php]
[covetedapp.com/wp-includes/wlwmanifest.xml]
[covetedapp.com/wp-json/index.html]
[covetedapp.com/wp-json/oembed/1.0/embed83a2.json]
[covetedapp.com/wp-json/oembed/1.0/embed08c3]
[static.addtoany.com/menu/page.js]
[u.heatmap.it/log.js]
[covetedapp.com/wp-content/uploads/2017/11/FavIcon1-81x81.png]
[covetedapp.com/wp-content/uploads/2017/11/FavIcon1-300x300.png]
[covetedapp.com/wp-content/uploads/2017/11/FavIcon1-180x180.png]
[covetedapp.com/wp-content/uploads/2017/11/NewLogo.png]
[covetedapp.com/wp-content/uploads/2017/11/Yes1.png]
[covetedapp.com/wp-content/uploads/2017/11/Yes5.png]
[covetedapp.com/wp-content/uploads/2017/11/Yes3.png]
[image.flaticon.com/icons/svg/245/245995.svg]
[image.flaticon.com/icons/svg/78/78394.svg]
[image.flaticon.com/icons/svg/108/108692.svg]
[image.flaticon.com/icons/svg/263/263054.svg]
[covetedapp.com/wp-content/uploads/2017/11/Pic9_6c9b988be3afb78df8a45bc92d60c8ee.jpg]
[covetedapp.com/wp-content/uploads/2017/11/Initiative.png]
[covetedapp.com/wp-content/uploads/2017/11/Pic3_03c5f95a3f22f959edc2a6cdbe084a95.jpg]
[www.facebook.com/tre41c.gif]
[www.facebook.com/trfdb2.gif]
[fonts.googleapis.com/cssa37c.css]
[covetedapp.com/wp-content/themes/massive-dynamic/lib/assets/script/unique-setting.min5152.js]
[covetedapp.com/wp-content/themes/massive-dynamic/lib/assets/script/post-like.min.js]
[covetedapp.com/wp-content/plugins/contact-form-7/includes/js/scripts5859.js]
[covetedapp.com/wp-content/plugins/woocommerce/assets/js/jquery-blockui/jquery.blockUI.min44fd.js]
[covetedapp.com/wp-content/plugins/woocommerce/assets/js/js-cookie/js.cookie.min6b25.js]
[covetedapp.com/wp-content/plugins/woocommerce/assets/js/frontend/woocommerce.mine1e3.js]
[covetedapp.com/wp-content/plugins/woocommerce/assets/js/frontend/cart-fragments.mine1e3.js]
[covetedapp.com/wp-content/themes/massive-dynamic/assets/js/plugins.min.js]
[covetedapp.com/wp-content/themes/massive-dynamic/lib/assets/script/jquery.nicescroll.min.js]
[covetedapp.com/wp-content/themes/massive-dynamic/assets/js/custom.minde54.js]
[covetedapp.com/wp-content/uploads/md_cache/8838fa67.js]
[covetedapp.com/wp-content/themes/massive-dynamic/assets/js/smooth_scroll.min.js]
[covetedapp.com/wp-content/plugins/godaddy-email-marketing-sign-up-forms/js/gem.min7359.js]
[covetedapp.com/wp-includes/js/wp-embed.min5859.js]
[covetedapp.com/wp-content/plugins/js_composer/assets/js/dist/js_composer_front.min7661.js]
[covetedapp.com/wp-content/plugins/ninja-popups/js/jquery.ck.min5859.js]
[covetedapp.com/wp-content/plugins/ninja-popups/js/ninjapopups.min5859.js]
[covetedapp.com/wp-content/plugins/mailchimp-for-wp/assets/js/forms-api.minfd2e.js]
[cdn.ywxi.net/js/1.js]
[covetedapp.com/index.html]
[checkout.stripe.com/checkout.js]
[www.jukemotion.com/merged-stylesheets87b2.css]
[www.jukemotion.com/images/logo_orange.png]
[www.jukemotion.com/images/logo_orange5e1f.png]
[www.jukemotion.com/packages/underscoref398.js]
[www.jukemotion.com/packages/meteord1ca.js]
[www.jukemotion.com/packages/meteor-baseb9c9.js]
[www.jukemotion.com/packages/mobile-experience74c7.js]
[www.jukemotion.com/packages/modules-runtime2100.js]
[www.jukemotion.com/packages/es5-shimd3fc.js]
[www.jukemotion.com/packages/modulesb149.js]
[www.jukemotion.com/packages/promisefa58.js]
[www.jukemotion.com/packages/ecmascript-runtime5466.js]
[www.jukemotion.com/packages/babel-compilere2b8.js]
[www.jukemotion.com/packages/ecmascript003f.js]
[www.jukemotion.com/packages/base64aa72.js]
[www.jukemotion.com/packages/ejson50f7.js]
[www.jukemotion.com/packages/id-map3f6e.js]
[www.jukemotion.com/packages/ordered-dictb7de.js]
[www.jukemotion.com/packages/tracker0866.js]
[www.jukemotion.com/packages/babel-runtime8855.js]
[www.jukemotion.com/packages/random0c65.js]
[www.jukemotion.com/packages/mongo-id88c8.js]
[www.jukemotion.com/packages/diff-sequence6596.js]
[www.jukemotion.com/packages/geojson-utilsc21c.js]
[www.jukemotion.com/packages/minimongo4450.js]
[www.jukemotion.com/packages/checkdbe0.js]
[www.jukemotion.com/packages/retry3330.js]
[www.jukemotion.com/packages/ddp-common262a.js]
[www.jukemotion.com/packages/reloadbfff.js]
[www.jukemotion.com/packages/ddp-clientc034.js]
[www.jukemotion.com/packages/ddpe6c4.js]
[www.jukemotion.com/packages/ddp-server021b.js]
[www.jukemotion.com/packages/allow-denya1cd.js]
[www.jukemotion.com/packages/mongob434.js]
[www.jukemotion.com/packages/blaze-html-templates38ea.js]
[www.jukemotion.com/packages/reactive-var499f.js]
[www.jukemotion.com/packages/ddp-rate-limiterbd00.js]
[www.jukemotion.com/packages/localstorage6ed6.js]
[www.jukemotion.com/packages/callback-hook3bdd.js]
[www.jukemotion.com/packages/jquery57f9.js]
[www.jukemotion.com/packages/observe-sequencef263.js]
[www.jukemotion.com/packages/deps1305.js]
[www.jukemotion.com/packages/htmljsb1f7.js]
[www.jukemotion.com/packages/blaze8368.js]
[www.jukemotion.com/packages/accounts-base2974.js]
[www.jukemotion.com/packages/service-configuration7ced.js]
[www.jukemotion.com/packages/standard-minifier-css2c41.js]
[www.jukemotion.com/packages/standard-minifier-js06d7.js]
[www.jukemotion.com/packages/shell-server9c23.js]
[www.jukemotion.com/packages/mizzao_build-fetcher0aad.js]
[www.jukemotion.com/packages/ostrio_base648fe8.js]
[www.jukemotion.com/packages/mizzao_jquery-uicce1.js]
[www.jukemotion.com/packages/crosswalkcc8a.js]
[www.jukemotion.com/packages/url8d22.js]
[www.jukemotion.com/packages/http17d4.js]
[www.jukemotion.com/packages/mrt_cookies5db8.js]
[www.jukemotion.com/packages/coffeescript45e0.js]
[www.jukemotion.com/packages/mizzao_timesync0e91.js]
[www.jukemotion.com/packages/mizzao_user-status5300.js]
[www.jukemotion.com/packages/mpaddock_browser-notifications3c64.js]
[www.jukemotion.com/packages/servicelocale_geoip15fe.js]
[www.jukemotion.com/packages/meteorhacks_ssraf6e.js]
[www.jukemotion.com/packages/meteorhacks_pickerb3bb.js]
[www.jukemotion.com/packages/kadira_docheadc494.js]
[www.jukemotion.com/packages/gadicohen_sitemaps635a.js]
[www.jukemotion.com/packages/reactive-dictd328.js]
[www.jukemotion.com/packages/kadira_flow-router8142.js]
[www.jukemotion.com/packages/tomwasd_flow-router-autoscroll5bbf.js]
[www.jukemotion.com/packages/ppillip_body-parser939a.js]
[www.jukemotion.com/packages/glittershark_meteor-express63a0.js]
[www.jukemotion.com/packages/meteorhacks_inject-data7a60.js]
[www.jukemotion.com/packages/mhagmajer_server-routere8c9.js]
[www.jukemotion.com/packages/spacebarsa8d7.js]
[www.jukemotion.com/packages/templating-compilerbcb1.js]
[www.jukemotion.com/packages/templating-runtime399e.js]
[www.jukemotion.com/packages/templating2b06.js]
[www.jukemotion.com/packages/kadira_blaze-layout8e2d.js]
[www.jukemotion.com/packages/dburles_collection-helpers2c46.js]
[www.jukemotion.com/packages/aldeed_simple-schema0213.js]
[www.jukemotion.com/packages/raix_eventemitterf141.js]
[www.jukemotion.com/packages/aldeed_collection2-corec6fe.js]
[www.jukemotion.com/packages/aldeed_schema-index70f0.js]
[www.jukemotion.com/packages/aldeed_schema-denya02a.js]
[www.jukemotion.com/packages/aldeed_collection242ed.js]
[www.jukemotion.com/packages/uid5ac.js]
[www.jukemotion.com/packages/session8099.js]
[www.jukemotion.com/packages/raix_handlebar-helpers27ff.js]
[www.jukemotion.com/packages/fastclick926e.js]
[www.jukemotion.com/packages/stolinski_stylus-multi92b4.js]
[www.jukemotion.com/packages/fourseven_scss85e1.js]
[www.jukemotion.com/packages/poetic_materialize-scssee83.js]
[www.jukemotion.com/packages/stylus651a.js]
[www.jukemotion.com/packages/gantrim_materialize-stylusc804.js]
[www.jukemotion.com/packages/meteorspark_util7976.js]
[www.jukemotion.com/packages/tap_i18nacac.js]
[www.jukemotion.com/packages/stevezhu_lodash240f.js]
[www.jukemotion.com/packages/navybits_pagination938f.js]
[www.jukemotion.com/packages/fortawesome_fontawesomef9b3.js]
[www.jukemotion.com/packages/themeteorchef_bertcb82.js]
[www.jukemotion.com/packages/oauth3f28.js]
[www.jukemotion.com/packages/accounts-oauthf717.js]
[www.jukemotion.com/packages/shae95b.js]
[www.jukemotion.com/packages/srp0b4f.js]
[www.jukemotion.com/packages/accounts-passwordbfe7.js]
[www.jukemotion.com/packages/less21e2.js]
[www.jukemotion.com/packages/accounts-ui-unstyledad09.js]
[www.jukemotion.com/packages/accounts-ui6d47.js]
[www.jukemotion.com/packages/fongandrew_login-as-user1954.js]
[www.jukemotion.com/packages/juliancwirko_s-image-box9127.js]
[www.jukemotion.com/packages/zimme_active-route5172.js]
[www.jukemotion.com/packages/gwendall_auth-client-callbacks7168.js]
[www.jukemotion.com/packages/meteortoys_toykit2931.js]
[www.jukemotion.com/packages/msavin_mongol5365.js]
[www.jukemotion.com/packages/msavin_jetsetter124d.js]
[www.jukemotion.com/packages/meteortoys_blueprintd64b.js]
[www.jukemotion.com/packages/meteortoys_authenticate33b4.js]
[www.jukemotion.com/packages/meteortoys_shelle524.js]
[www.jukemotion.com/packages/meteortoys_method930a.js]
[www.jukemotion.com/packages/meteortoys_result857a.js]
[www.jukemotion.com/packages/meteortoys_autopub4d2a.js]
[www.jukemotion.com/packages/meteortoys_pubad59.js]
[www.jukemotion.com/packages/meteortoys_sub0189.js]
[www.jukemotion.com/packages/meteortoys_emailc25d.js]
[www.jukemotion.com/packages/meteortoys_listen0008.js]
[www.jukemotion.com/packages/meteortoys_throttleebf8.js]
[www.jukemotion.com/packages/meteortoys_status002b.js]
[www.jukemotion.com/packages/meteortoys_hotreload8239.js]
[www.jukemotion.com/packages/meteortoys_allthings6cee.js]
[www.jukemotion.com/packages/email168d.js]
[www.jukemotion.com/packages/rzymek_moment1e32.js]
[www.jukemotion.com/packages/momentjs_moment3bcb.js]
[www.jukemotion.com/packages/rzymek_moment-locale-it48f0.js]
[www.jukemotion.com/packages/rzymek_moment-locale-en-ca0f8e.js]
[www.jukemotion.com/packages/mrt_googlemaps937d.js]
[www.jukemotion.com/packages/livedata4212.js]
[www.jukemotion.com/packages/aldeed_autoform94cf.js]
[www.jukemotion.com/packages/lukemadera_autoform-googleplace2239.js]
[www.jukemotion.com/packages/comerc_bs-typeahead656f.js]
[www.jukemotion.com/packages/aldeed_delete-buttonfb8e.js]
[www.jukemotion.com/packages/comerc_autoform-typeahead5b38.js]
[www.jukemotion.com/packages/gildaspk_autoform-materialize9074.js]
[www.jukemotion.com/packages/udondan_googlefontse69c.js]
[www.jukemotion.com/packages/planettraining_material-design-icons-font2f73.js]
[www.jukemotion.com/packages/materialize_materializee045.js]
[www.jukemotion.com/packages/matb33_bootstrap-basea5ef.js]
[www.jukemotion.com/packages/matb33_bootstrap-glyphicons9516.js]
[www.jukemotion.com/packages/dapearce_material-icons4ac3.js]
[www.jukemotion.com/packages/drewy_datetimepicker5ab8.js]
[www.jukemotion.com/packages/pcel_loading2308.js]
[www.jukemotion.com/packages/jss_flag-icon87bb.js]
[www.jukemotion.com/packages/rzymek_fullcalendar128f.js]
[www.jukemotion.com/packages/maazalik_highcharts6998.js]
[www.jukemotion.com/packages/splendido_accounts-meld509c.js]
[www.jukemotion.com/packages/copleykj_stripe-synce041.js]
[www.jukemotion.com/packages/grove_stripe-npmbccf.js]
[www.jukemotion.com/packages/jeffpatzer_jquery-payment443f.js]
[www.jukemotion.com/packages/oauth2fefa.js]
[www.jukemotion.com/packages/dancaws_accounts-stripe4871.js]
[www.jukemotion.com/packages/edgee_slingshotc612.js]
[www.jukemotion.com/packages/asad_push0aff.js]
[www.jukemotion.com/packages/yasaricli_slugifybf27.js]
[www.jukemotion.com/packages/richsilv_owl-carouselc82b.js]
[www.jukemotion.com/packages/lukemadera_social-sharecb61.js]
[www.jukemotion.com/packages/dandv_jquery-rateit2ee4.js]
[www.jukemotion.com/packages/okgrow_analytics703b.js]
[www.jukemotion.com/packages/goltfisch_hotjar8c38.js]
[www.jukemotion.com/packages/brentjanderson_buzze696.js]
[www.jukemotion.com/packages/ostrio_logger3a1c.js]
[www.jukemotion.com/packages/ostrio_loggerfileb8f5.js]
[www.jukemotion.com/packages/webapp634c.js]
[www.jukemotion.com/packages/hot-code-pushb2fe.js]
[www.jukemotion.com/packages/launch-screen8b91.js]
[www.jukemotion.com/packages/autoupdate69c9.js]
[www.jukemotion.com/packages/global-imports769a.js]
[www.jukemotion.com/app/app2ed6.js]
[www.jukemotion.com/index.html]
[www.jukemotion.com/packages/mdg_validation-errord4a0.js]
[fonts.googleapis.com/css304a.css]
[code.jquery.com/jquery-1.10.2.min.js]
[d7zgbk06ve7c.cloudfront.net/assets/94573/25ctf3elgllk6xzsdoti/favicon.ico]
[netdna.bootstrapcdn.com/font-awesome/4.5.0/css/font-awesome.min.css]
[d1y0v6ricksqp.cloudfront.net/css/bootstrap/3.1.1/js/bootstrap.min.js]
[kickoffpages-kickofflabs.netdna-ssl.com/droppable_theme_styles/1.3/content.css]
[d7zgbk06ve7c.cloudfront.net/assets/94573/ayohcx8v2iosubsc53p4/Backround_whitelabel_website.jpg]
[d7zgbk06ve7c.cloudfront.net/assets/94573/x8fxx4rpeq68dcar2083/Group.png]
[d7zgbk06ve7c.cloudfront.net/assets/94573/vznlkqelond21noqh4ao/pineapple-supply-co-55760.jpg]
[d7zgbk06ve7c.cloudfront.net/assets/94573/51hw38qc9tgb7c5qh42b/Mealplan.png]
[d7zgbk06ve7c.cloudfront.net/assets/94573/1ul30q1p3982kwvp6lfe/Recipe View.png]
[d7zgbk06ve7c.cloudfront.net/assets/94573/9o1yq9pks8daykucayw7/Shopping.png]
[d7zgbk06ve7c.cloudfront.net/assets/94573/9xryc93cde292y6x1ib7/AppStore Button.png]
[d7zgbk06ve7c.cloudfront.net/assets/94573/4a0cffqzcsql4gx0zx5u/CARBS.png]
[d7zgbk06ve7c.cloudfront.net/assets/94573/hxzfnhtlpz7ookhywgqy/PROTEIN.png]
[d7zgbk06ve7c.cloudfront.net/assets/94573/900k3ztmpuhuv4bqk1ln/FAT.png]
[d7zgbk06ve7c.cloudfront.net/assets/94573/87430ixurpzlcywqpmu7/Brain Website.png]
[d7zgbk06ve7c.cloudfront.net/assets/94573/brh5b6kn1yf1i26tlppk/Artboard.png]
[d7zgbk06ve7c.cloudfront.net/assets/94573/7cqzs1vn5dwbnyzv6qvy/CONTACT PIC.png]
[d7zgbk06ve7c.cloudfront.net/assets/94573/cbl5lt21yezpz7idzr20/LOGOS.png]
[kickoffpages-kickofflabs.netdna-ssl.com/widgets/1.9.6/kol_any_form.js]
[influencer.gaia-nutrition.de/index.html]
[cdnjs.cloudflare.com/ajax/libs/labjs/2.0.3/LAB.min.js]
[fonts.googleapis.com/css6079.css]
[www.granittech.com/vendor/bootstrap/css/bootstrap.min.css]
[www.granittech.com/vendor/font-awesome/css/font-awesome.min.css]
[www.granittech.com/vendor/animate/animate.min.css]
[www.granittech.com/vendor/simple-line-icons/css/simple-line-icons.min.css]
[www.granittech.com/vendor/owl.carousel/assets/owl.carousel.min.css]
[www.granittech.com/vendor/owl.carousel/assets/owl.theme.default.min.css]
[www.granittech.com/vendor/magnific-popup/magnific-popup.min.css]
[www.granittech.com/css/theme.css]
[www.granittech.com/css/theme-elements.css]
[www.granittech.com/css/theme-blog.css]
[www.granittech.com/css/theme-shop.css]
[www.granittech.com/vendor/rs-plugin/css/settings.css]
[www.granittech.com/vendor/rs-plugin/css/layers.css]
[www.granittech.com/vendor/rs-plugin/css/navigation.css]
[www.granittech.com/css/skins/skin-one-page-agency.css]
[www.granittech.com/css/demos/demo-one-page-agency.css]
[www.granittech.com/css/custom.css]
[www.granittech.com/vendor/modernizr/modernizr.min.js]
[www.granittech.com/index-2.html]
[www.granittech.com/img/demos/one-page-agency/Logo1.png]
[www.granittech.com/img/demos/one-page-agency/slides/testo.jpg]
[www.granittech.com/img/demos/one-page-agency/slides/Testo2.jpg]
[www.granittech.com/img/demos/one-page-agency/who-we-are/who-we-are-1.jpg]
[www.granittech.com/img/demos/one-page-agency/who-we-are/who-we-are-2.jpg]
[www.granittech.com/img/demos/one-page-agency/who-we-are/who-we-are-3.jpg]
[www.granittech.com/img/demos/one-page-agency/what-we-do/what-we-do-web.jpg]
[www.granittech.com/img/demos/one-page-agency/what-we-do/what-we-do-1.jpg]
[www.granittech.com/img/projects/GT1.jpg]
[www.granittech.com/img/projects/GT2.jpg]
[www.granittech.com/img/projects/MP1.jpg]
[www.granittech.com/img/projects/MP2.jpg]
[www.granittech.com/img/projects/MP3.jpg]
[www.granittech.com/img/team/Farhan.jpg]
[www.granittech.com/img/team/Irfan.jpg]
[www.granittech.com/img/team/team-12.jpg]
[www.granittech.com/img/team/team-11.jpg]
[www.granittech.com/Scripts/jquery-1.10.2.min.js]
[www.granittech.com/vendor/jquery/jquery.min.js]
[www.granittech.com/vendor/jquery.appear/jquery.appear.min.js]
[www.granittech.com/vendor/jquery.easing/jquery.easing.min.js]
[www.granittech.com/vendor/jquery-cookie/jquery-cookie.min.js]
[www.granittech.com/vendor/bootstrap/js/bootstrap.min.js]
[www.granittech.com/vendor/common/common.min.js]
[www.granittech.com/vendor/jquery.validation/jquery.validation.min.js]
[www.granittech.com/vendor/jquery.easy-pie-chart/jquery.easy-pie-chart.min.js]
[www.granittech.com/vendor/jquery.gmap/jquery.gmap.min.js]
[www.granittech.com/vendor/jquery.lazyload/jquery.lazyload.min.js]
[www.granittech.com/vendor/isotope/jquery.isotope.min.js]
[www.granittech.com/vendor/owl.carousel/owl.carousel.min.js]
[www.granittech.com/vendor/magnific-popup/jquery.magnific-popup.min.js]
[www.granittech.com/vendor/vide/vide.min.js]
[www.granittech.com/js/theme.js]
[www.granittech.com/vendor/rs-plugin/js/jquery.themepunch.tools.min.js]
[www.granittech.com/vendor/rs-plugin/js/jquery.themepunch.revolution.min.js]
[www.granittech.com/js/views/view.contact.js]
[www.granittech.com/js/demos/demo-one-page-agency.js]
[www.granittech.com/js/theme.init.js]
[www.granittech.com/index.html]
[code.jquery.com/jquery-1.12.4.js]
[code.jquery.com/ui/1.12.1/jquery-ui.js]
[fonts.googleapis.com/index.html]
[mysportify.com/wp-includes/js/jquery/jqueryb8ff.js]
[mysportify.com/wp-includes/js/jquery/jquery-migrate.min330a.js]
[mysportify.com/wp-content/themes/bb-mobile-app-pro/js/customee45.js]
[mysportify.com/wp-content/themes/bb-mobile-app-pro/js/jquery.nivo.slideree45.js]
[mysportify.com/indexd784.html]
[mysportify.com/indexa6da.html]
[mysportify.com/index52f0.json]
[mysportify.com/xmlrpc0db0.php]
[mysportify.com/wp-includes/wlwmanifest.xml]
[mysportify.com/wp-content/uploads/2017/09/cropped-S_Logo_Blue_Trans-1-32x32.png]
[mysportify.com/wp-content/uploads/2017/09/cropped-S_Logo_Blue_Trans-1-192x192.png]
[mysportify.com/wp-content/uploads/2017/09/cropped-S_Logo_Blue_Trans-1-180x180.png]
[mysportify.com/wp-content/themes/bb-mobile-app-pro/images/logo.png]
[mysportify.com/wp-content/themes/bb-mobile-app-pro/images/slides/slider1.jpg]
[mysportify.com/wp-content/themes/bb-mobile-app-pro/images/slides/slider2.jpg]
[mysportify.com/wp-content/themes/bb-mobile-app-pro/images/slides/slider3.jpg]
[mysportify.com/wp-content/themes/bb-mobile-app-pro/images/serviceicon1.png]
[mysportify.com/wp-content/themes/bb-mobile-app-pro/images/serviceicon2.png]
[mysportify.com/wp-content/themes/bb-mobile-app-pro/images/serviceicon3.png]
[mysportify.com/wp-content/themes/bb-mobile-app-pro/images/serviceicon4.png]
[mysportify.com/wp-content/uploads/2017/10/featuremobile.jpg]
[mysportify.com/wp-content/themes/bb-mobile-app-pro/images/fit-trai.png]
[mysportify.com/wp-content/themes/bb-mobile-app-pro/images/buyinstallbg.jpg]
[mysportify.com/wp-content/themes/bb-mobile-app-pro/images/servicenewicon1.png]
[mysportify.com/wp-content/themes/bb-mobile-app-pro/images/servicenewicon2.png]
[mysportify.com/wp-content/themes/bb-mobile-app-pro/images/servicenewicon3.png]
[mysportify.com/wp-content/themes/bb-mobile-app-pro/images/servicenewicon4.png]
[mysportify.com/wp-content/themes/bb-mobile-app-pro/images/testimonial-bg.jpg]
[mysportify.com/wp-content/themes/bb-mobile-app-pro/images/computer.png]
[mysportify.com/wp-content/plugins/contact-form-7/includes/js/scripts33a6.js]
[mysportify.com/wp-content/themes/bb-mobile-app-pro/js/wow.minee45.js]
[mysportify.com/wp-content/themes/bb-mobile-app-pro/js/bootstrap.minee45.js]
[mysportify.com/wp-includes/js/wp-embed.minee45.js]
[mysportify.com/index.html]
[mysportify.com/wp-includes/js/thickbox/thickboxab87.js]
[fonts.googleapis.com/css3492.css]
[www.meleti.org/js/modernizr.custom.js]
[www.meleti.org/images/logo_light.png]
[www.meleti.org/images/mockups/1/back.png]
[www.meleti.org/images/mockups/1/front.png]
[www.meleti.org/video/type.mp4]
[www.meleti.org/video/video.webm]
[www.meleti.org/images/background_slider_01.jpg]
[www.meleti.org/images/background_slider_02.jpg]
[www.meleti.org/images/background_slider_03.jpg]
[www.meleti.org/images/student.png]
[www.meleti.org/images/mockups/subsection_mockups/2a.png]
[www.meleti.org/images/mockups/subsection_mockups/2b.png]
[www.meleti.org/images/review_01.jpg]
[www.meleti.org/images/review_02.jpg]
[www.meleti.org/images/review_03.jpg]
[www.meleti.org/images/review_04.jpg]
[www.meleti.org/images/team/sami.jpg]
[www.meleti.org/images/team/aa.jpg]
[www.meleti.org/images/team/lauren.jpg]
[www.meleti.org/images/screenshots/1.jpg]
[www.meleti.org/images/screenshots/2.jpg]
[www.meleti.org/images/screenshots/3.jpg]
[www.meleti.org/images/screenshots/4.jpg]
[www.meleti.org/images/screenshots/5.jpg]
[www.meleti.org/images/screenshots/6.jpg]
[www.meleti.org/images/screenshots/7.jpg]
[www.meleti.org/images/screenshots/8.jpg]
[www.meleti.org/images/screenshots/9.jpg]
[www.meleti.org/images/screenshots/10.jpg]
[www.meleti.org/images/screenshots/11.jpg]
[www.meleti.org/images/screenshots/12.jpg]
[www.meleti.org/js/jquery-2.1.3.min.js]
[www.meleti.org/js/jquery.easing.min.js]
[www.meleti.org/js/jquery.scrollTo.js]
[www.meleti.org/js/jquery.cycle.all.min.js]
[www.meleti.org/js/jquery.form.js]
[www.meleti.org/js/jquery.maximage.min.js]
[www.meleti.org/js/materialize.js]
[www.meleti.org/js/classie.js]
[www.meleti.org/js/pathLoader.js]
[www.meleti.org/js/preloader.js]
[www.meleti.org/js/count_down.js]
[www.meleti.org/js/happy.js]
[www.meleti.org/js/happy.methods.js]
[www.meleti.org/js/retina.js]
[www.meleti.org/js/waypoints.min.js]
[www.meleti.org/js/nivo-lightbox.min.js]
[www.meleti.org/js/jquery.fitvids.js]
[www.meleti.org/js/jquery.stellar.js]
[www.meleti.org/js/owl.carousel.js]
[www.meleti.org/js/main.js]
[www.meleti.org/js/newsubscription.js]
[www.meleti.org/index.html]
[maxcdn.bootstrapcdn.com/bootstrap/3.3.7/css/bootstrap.min.css]
[top-app.site/images/favicon.ico]
[top-app.site/images/app-logo.png]
[fonts.googleapis.com/css1f34.css]
[top-app.site/images/screenshot1.png]
[top-app.site/images/screenshot2.png]
[top-app.site/images/screenshot3.png]
[top-app.site/images/app-store-badge-en.png]
[top-app.site/images/google-play-badge-en.png]
[ajax.googleapis.com/ajax/libs/jquery/1.10.2/jquery.min.js]
[top-app.site/index.html]
[maxcdn.bootstrapcdn.com/bootstrap/3.3.7/js/bootstrap.min.js]
[cdnjs.cloudflare.com/ajax/libs/jasny-bootstrap/3.1.3/css/jasny-bootstrap.min.css]
[maxcdn.bootstrapcdn.com/font-awesome/4.3.0/css/font-awesome.min.css]
[pupunzi.com/mb.components/mb.YTPlayer/demo/css/YTPlayer.css]
[maxcdn.bootstrapcdn.com/bootstrap/3.3.4/js/bootstrap.min.js]
[cdnjs.cloudflare.com/ajax/libs/jasny-bootstrap/3.1.3/js/jasny-bootstrap.min.js]
[js.braintreegateway.com/v2/braintree.js]
[connect.facebook.net/de_DE/sdk.js]
[www.clubio.net/media/brandicon.png]
[www.clubio.net/content/newsletter.html]
[www.clubio.net/index.html]
[static.wixstatic.com/media/06f398_96da2b3ddbf74cf8936fd5d517c3cd2b_mv2_d_4268_4268_s_4_2.png/v1/fill/w_32,h_32,lg_1,usm_0.66_1.00_0.01/06f398_96da2b3ddbf74cf8936fd5d517c3cd2b_mv2_d_4268_4268_s_4_2.png]
[static.parastorage.com/services/third-party/requirejs/2.1.15/require.min.js]
[static.parastorage.com/services/santa/1.2648.18/app/main-r.min.js]
[static.parastorage.com/unpkg/lodash@4.17.4/lodash.min.js]
[static.parastorage.com/unpkg/zepto@1.2.0/dist/zepto.min.js]
[static.parastorage.com/unpkg/react@15.5.4/dist/react-with-addons.min.js]
[www.spoileralert.life/sitemap.xml]
[www.spoileralert.life/feed.xml]
[static.wixstatic.com/sites/06f398_663b975ce2eb00fecc27db8636e10ec9_49.json30f4.json]
[static.wixstatic.com/sites/06f398_d431ed24f03b99b79090ddbdead39aa8_46.json30f4.json]
[www.spoileralert.life/index.html]
[gmpg.org/xfn/11.html]
[lerative.com/xmlrpc.html]
[s.w.org/index.html]
[lerative.com/xmlrpc0db0.html]
[lerative.com/wp-content/uploads/2017/11/Screen-Shot-2017-11-12-at-3.27.10-PM-1080x380.png]
[lerative.com/wp-content/uploads/2017/11/patrick-tomasso-71909-1080x380.jpg]
[lerative.com/haberler/index.html]
[lerative.com/wp-content/uploads/2017/11/ben-kolde-367197-1080x380.jpg]
[lerative.com/wp-json/oembed/1.0/embed56df.json]
[lerative.com/wp-json/oembed/1.0/embed61cd]
[lerative.com/bize-ulasin/index.html]
[lerative.com/wp-json/oembed/1.0/embed0cd1.json]
[lerative.com/lerative-nedir/feed/index.html]
[lerative.com/lerative-nedir/index.html]
[lerative.com/wp-json/oembed/1.0/embed5f28]
[lerative.com/wp-json/oembed/1.0/embedbe4e.json]
[lerative.com/tanitim-filmimiz-yayinlandi/feed/index.html]
[lerative.com/tanitim-filmimiz-yayinlandi/index.html]
[lerative.com/wp-json/oembed/1.0/embed3cd8]
[lerative.com/wp-json/oembed/1.0/embed4489.json]
[lerative.com/wp-json/oembed/1.0/embed3076]
[lerative.com/websitemiz-yenilendi/index.html]
[covetedapp.com/xmlrpc.php]
[covetedapp.com/indexe599.html]
[covetedapp.com/wp-content/plugins/masterslider/public/assets/css/common/grabbing.html]
[covetedapp.com/wp-content/plugins/masterslider/public/assets/css/common/grab.html]
[lerative.com/websitemiz-yenilendi/feed/index.html]
[fonts.googleapis.com/cssa37c.css]
[fonts.googleapis.com/css304a.css]
[fonts.googleapis.com/css6079.css]
[www.granittech.com/index-2.html]
[mysportify.com/xmlrpc.php]
[fonts.googleapis.com/index.html]
[mysportify.com/wp-content/themes/bb-mobile-app-pro/css/styleee45.html]
[mysportify.com/wp-content/themes/bb-mobile-app-pro/images/index.html]
[fonts.googleapis.com/css3492.css]
[www.meleti.org/video/video.html]
[topas.site/images/favicon.ico]
[topas.site/images/app-logo.png]
[topas.site/images/screenshot1.png]
[topas.site/images/screenshot2.png]
[topas.site/images/screenshot3.png]
[topas.site/images/app-store-badge-en.png]
[topas.site/index.html]
[topas.site/images/google-play-badge-en.png]
[fonts.googleapis.com/css1f34.css]
[top-app.site/careers/index.html]
[top-app.site/terms/index.html]
[top-app.site/privacy/index.html]
[www.clubio.net/css/style.css.css]
[www.clubio.net/content/newsletter.html]
[static.wixstatic.com/index.html]
[gmpg.org/xfn/.html]
[gmpg.org/xfn/intro.html]
[gmpg.org/xfn/faq.html]
[lerative.com/index905b.html]
[lerative.com/index2c90.html]
[lerative.com/index1c00.html]
[lerative.com/indexbde5.html]
[lerative.com/wp-content/plugins/siteorigin-panels/css/front-flex60a8.css]
[lerative.com/wp-json/index.html]
[lerative.com/wp-content/themes/vantage/style544c.css]
[lerative.com/wp-content/themes/vantage/fontawesome/css/font-awesome83b6.css]
[lerative.com/wp-content/themes/vantage/inc/mobilenav/css/mobilenav544c.css]
[lerative.com/wp-includes/js/jquery/jqueryb8ff.js]
[lerative.com/wp-includes/js/jquery/jquery-migrate.min330a.js]
[lerative.com/wp-content/themes/vantage/js/jquery.flexslider.min53cf.js]
[lerative.com/wp-content/themes/vantage/js/jquery.touchSwipe.min7514.js]
[lerative.com/wp-content/themes/vantage/js/jquery.theme-main.min544c.js]
[lerative.com/wp-content/themes/vantage/js/jquery.fitvids.min5152.js]
[lerative.com/wp-content/themes/vantage/inc/mobilenav/js/mobilenav.min544c.js]
[lerative.com/xmlrpc0db0.html]
[static.addtoany.com/menu/page.js]
[lerative.com/lerative-nedir/index.html]
[lerative.com/websitemiz-yenilendi/index.html]
[lerative.com/wp-content/plugins/ml-slider/assets/sliders/nivoslider/nivo-slidera767.css]
[lerative.com/wp-content/plugins/ml-slider/assets/metaslider/publica767.css]
[www.facebook.com/trfdb2.gif]
[www.facebook.com/tre41c.gif]
[lerative.com/wp-content/plugins/ml-slider/assets/sliders/nivoslider/themes/default/defaulta767.css]
[lerative.com/wp-content/plugins/wpforms-lite/assets/css/wpforms-full1159.css]
[lerative.com/wp-includes/js/wp-embed.min5859.js]
[lerative.com/wp-content/plugins/ml-slider/assets/sliders/nivoslider/jquery.nivo.slider.packa767.js]
[lerative.com/wp-content/plugins/wpforms-lite/assets/js/jquery.validate.min24fc.js]
[lerative.com/wp-content/plugins/wpforms-lite/assets/js/wpforms1159.js]
[covetedapp.com/linkid.html]
[covetedapp.com/wp-content/plugins/contact-form-7/includes/css/styles5859.css]
[covetedapp.com/wp-content/plugins/revslider/public/assets/css/settings6dc3.css]
[covetedapp.com/wp-content/plugins/woocommerce/assets/css/woocommerce-layoute1e3.css]
[covetedapp.com/wp-content/plugins/woocommerce/assets/css/woocommerce-smallscreene1e3.css]
[covetedapp.com/wp-content/plugins/woocommerce/assets/css/woocommercee1e3.css]
[covetedapp.com/wp-content/themes/massive-dynamic/stylede54.css]
[covetedapp.com/wp-content/uploads/md_cache/8838fa67.css]
[covetedapp.com/wp-content/themes/massive-dynamic/assets/css/plugin.min.css]
[covetedapp.com/wp-content/themes/massive-dynamic/assets/css/woo-commerce.minde54.css]
[covetedapp.com/wp-content/themes/massive-dynamic/assets/css/iconfonts.min.css]
[covetedapp.com/wp-content/themes/massive-dynamic/assets/css/flexslider.min.css]
[covetedapp.com/wp-content/themes/massive-dynamic/assets/css/responsive.minde54.css]
[www.jukemotion.com/packages/tracker0866.js]
[www.jukemotion.com/packages/babel-runtime8855.js]
[covetedapp.com/wp-content/plugins/contact-widgets/assets/css/style.minf269.css]
[www.jukemotion.com/packages/random0c65.js]
[covetedapp.com/wp-content/plugins/godaddy-email-marketing-sign-up-forms/css/gem.min7359.css]
[covetedapp.com/wp-content/plugins/js_composer/assets/css/js_composer.min7661.css]
[covetedapp.com/wp-content/plugins/masterslider/public/assets/css/masterslider.mainee9a.css]
[covetedapp.com/wp-content/uploads/masterslider/custom62ea.css]
[covetedapp.com/wp-content/plugins/add-to-any/addtoany.mind50e.css]
[covetedapp.com/wp-content/themes/massive-dynamic/assets/css/bootstrap.min.css]
[u.heatmap.it/log.js]
[image.flaticon.com/icons/svg/245/245995.svg]
[image.flaticon.com/icons/svg/78/78394.svg]
[image.flaticon.com/icons/svg/108/108692.svg]
[image.flaticon.com/icons/svg/263/263054.svg]
[www.jukemotion.com/packages/accounts-base2974.js]
[www.jukemotion.com/packages/service-configuration7ced.js]
[www.jukemotion.com/packages/mizzao_build-fetcher0aad.js]
[www.jukemotion.com/packages/mizzao_jquery-uicce1.js]
[www.jukemotion.com/packages/ostrio_base648fe8.js]
[www.jukemotion.com/packages/http17d4.js]
[www.jukemotion.com/packages/mizzao_user-status5300.js]
[www.jukemotion.com/packages/servicelocale_geoip15fe.js]
[www.jukemotion.com/packages/kadira_flow-router8142.js]
[www.jukemotion.com/packages/glittershark_meteor-express63a0.js]
[www.jukemotion.com/packages/mhagmajer_server-routere8c9.js]
[www.jukemotion.com/packages/templating-runtime399e.js]
[www.jukemotion.com/packages/dburles_collection-helpers2c46.js]
[www.jukemotion.com/merged-stylesheets87b2.css]
[www.jukemotion.com/packages/raix_eventemitterf141.js]
[www.jukemotion.com/packages/aldeed_schema-index70f0.js]
[www.jukemotion.com/packages/poetic_materialize-scssee83.js]
[www.jukemotion.com/packages/meteorspark_util7976.js]
[www.jukemotion.com/packages/stevezhu_lodash240f.js]
[www.jukemotion.com/packages/tap_i18nacac.js]
[www.jukemotion.com/packages/themeteorchef_bertcb82.js]
[www.jukemotion.com/packages/accounts-oauthf717.js]
[www.jukemotion.com/packages/srp0b4f.js]
[www.jukemotion.com/packages/accounts-ui-unstyledad09.js]
[www.jukemotion.com/packages/juliancwirko_s-image-box9127.js]
[www.jukemotion.com/packages/gwendall_auth-client-callbacks7168.js]
[www.jukemotion.com/packages/msavin_mongol5365.js]
[www.jukemotion.com/packages/meteortoys_blueprintd64b.js]
[www.jukemotion.com/packages/meteortoys_authenticate33b4.js]
[www.jukemotion.com/packages/meteortoys_result857a.js]
[www.jukemotion.com/packages/meteortoys_autopub4d2a.js]
[www.jukemotion.com/packages/meteortoys_pubad59.js]
[www.jukemotion.com/packages/meteortoys_emailc25d.js]
[www.jukemotion.com/packages/meteortoys_throttleebf8.js]
[www.jukemotion.com/packages/meteortoys_hotreload8239.js]
[www.jukemotion.com/packages/rzymek_moment1e32.js]
[www.jukemotion.com/packages/rzymek_moment-locale-it48f0.js]
[www.jukemotion.com/packages/rzymek_moment-locale-en-ca0f8e.js]
[www.jukemotion.com/packages/lukemadera_autoform-googleplace2239.js]
[www.jukemotion.com/packages/comerc_bs-typeahead656f.js]
[www.jukemotion.com/packages/aldeed_delete-buttonfb8e.js]
[www.jukemotion.com/packages/comerc_autoform-typeahead5b38.js]
[www.jukemotion.com/packages/gildaspk_autoform-materialize9074.js]
[www.jukemotion.com/packages/launch-screen8b91.js]
[www.jukemotion.com/packages/dancaws_accounts-stripe4871.js]
[fonts.googleapis.com/css304a.css]
[www.jukemotion.com/packages/rzymek_fullcalendar128f.js]
[netdna.bootstrapcdn.com/font-awesome/4.5.0/css/font-awesome.min.css]
[d1y0v6ricksqp.cloudfront.net/css/bootstrap/3.1.1/css/bootstrap.min.css]
[kickoffpages-kickofflabs.netdna-ssl.com/droppable_theme_styles/1.3/content.css]
[www.granittech.com/img/demos/one-page-agency/slides/testo.jpg]
[www.granittech.com/img/favicon.html]
[www.granittech.com/img/apple-touch-icon.html]
[www.granittech.com/img/demos/one-page-agency/slides/Testo2.jpg]
[www.granittech.com/vendor/bootstrap/css/bootstrap.min.css]
[www.granittech.com/img/demos/one-page-agency/who-we-are/who-we-are-1.jpg]
[www.granittech.com/vendor/font-awesome/css/font-awesome.min.css]
[www.granittech.com/img/demos/one-page-agency/who-we-are/who-we-are-2.jpg]
[www.granittech.com/vendor/animate/animate.min.css]
[www.granittech.com/img/demos/one-page-agency/who-we-are/who-we-are-3.jpg]
[www.granittech.com/img/demos/one-page-agency/what-we-do/what-we-do-web.jpg]
[www.granittech.com/vendor/simple-line-icons/css/simple-line-icons.min.css]
[www.granittech.com/img/demos/one-page-agency/what-we-do/what-we-do-1.jpg]
[www.granittech.com/img/projects/GT1.jpg]
[www.granittech.com/vendor/owl.carousel/assets/owl.carousel.min.css]
[www.granittech.com/img/projects/GT2.jpg]
[www.granittech.com/img/projects/MP1.jpg]
[www.granittech.com/vendor/owl.carousel/assets/owl.theme.default.min.css]
[www.granittech.com/img/projects/MP2.jpg]
[www.granittech.com/img/projects/MP3.jpg]
[www.granittech.com/vendor/magnific-popup/magnific-popup.min.css]
[www.granittech.com/img/team/Farhan.jpg]
[www.granittech.com/img/team/Irfan.jpg]
[www.granittech.com/css/theme.css]
[www.granittech.com/img/team/team-12.jpg]
[www.granittech.com/img/team/team-11.jpg]
[www.granittech.com/css/theme-elements.css]
[www.granittech.com/vendor/jquery/jquery.min.js]
[www.granittech.com/Scripts/jquery-1.10.2.min.js]
[www.granittech.com/css/theme-blog.css]
[www.granittech.com/vendor/jquery.easing/jquery.easing.min.js]
[www.granittech.com/vendor/jquery.appear/jquery.appear.min.js]
[www.granittech.com/css/theme-shop.css]
[www.granittech.com/vendor/jquery-cookie/jquery-cookie.min.js]
[www.granittech.com/vendor/bootstrap/js/bootstrap.min.js]
[www.granittech.com/vendor/rs-plugin/css/settings.css]
[www.granittech.com/vendor/common/common.min.js]
[www.granittech.com/vendor/rs-plugin/js/jquery.themepunch.tools.min.js]
[www.granittech.com/vendor/rs-plugin/css/layers.css]
[www.granittech.com/vendor/rs-plugin/js/jquery.themepunch.revolution.min.js]
[www.granittech.com/vendor/rs-plugin/css/navigation.css]
[mysportify.com/indexd784.html]
[www.granittech.com/css/skins/skin-one-page-agency.css]
[code.jquery.com/jquery-1.12.4.js]
[mysportify.com/indexa6da.html]
[www.granittech.com/css/demos/demo-one-page-agency.css]
[www.granittech.com/css/custom.css]
[code.jquery.com/ui/1.12.1/jquery-ui.js]
[www.granittech.com/js/custom.js]
[fonts.googleapis.com/index.html]
[mysportify.com/wp-content/plugins/contact-form-7/includes/css/styles33a6.css]
[mysportify.com/wp-content/themes/bb-mobile-app-pro/css/bootstrap.minee45.css]
[mysportify.com/wp-content/themes/bb-mobile-app-pro/styleee45.css]
[mysportify.com/wp-content/themes/bb-mobile-app-pro/editor-styleee45.css]
[mysportify.com/wp-content/themes/bb-mobile-app-pro/css/genericons/genericonsee45.html]
[mysportify.com/wp-content/themes/bb-mobile-app-pro/css/animateee45.css]
[mysportify.com/wp-content/themes/bb-mobile-app-pro/css/font-awesome.minee45.css]
[mysportify.com/wp-content/themes/bb-mobile-app-pro/css/effectee45.css]
[mysportify.com/wp-content/themes/bb-mobile-app-pro/css/nivo-slideree45.css]
[mysportify.com/wp-includes/css/dashicons.minee45.css]
[maxcdn.bootstrapcdn.com/bootstrap/3.3.7/js/bootstrap.min.js]
[maxcdn.bootstrapcdn.com/bootstrap/3.3.4/js/bootstrap.min.js]
[static.parastorage.com/unpkg/react@15.5.4/dist/react-with-addons.min.js]
[mysportify.com/wp-content/themes/bb-mobile-app-pro/images/index.html]
[lerative.com/lerative-nedir/feed/index.html]
[mysportify.com/wp-includes/js/thickbox/thickboxee45.css]
[fonts.googleapis.com/css3492.css]
[www.meleti.org/css/grid12.css]
[www.meleti.org/css/james_typography.css]
[lerative.com/tanitim-filmimiz-yayinlandi/feed/index.html]
[www.meleti.org/css/main.css]
[www.meleti.org/css/color_scheme_light.css]
[www.meleti.org/css/colors/color_palette_blue.css]
[lerative.com/websitemiz-yenilendi/feed/index.html]
[www.meleti.org/css/rapid-icons.css]
[www.meleti.org/css/fonts/Mightype-Script.css]
[www.meleti.org/css/js_styles/jquery.maximage.min.css]
[www.meleti.org/css/responsivity.css]
[www.meleti.org/css/animate.css]
[www.meleti.org/css/nivo-lightbox.css]
[www.meleti.org/css/nivo_lightbox_themes/default/default.css]
[www.meleti.org/css/owl.carousel.css]
[www.meleti.org/css/owl.theme.css]
[www.meleti.org/css/owl.transitions.css]
[www.meleti.org/bower_components/hint.css/hint.min.css]
[www.meleti.org/video/video.html]
[www.meleti.org/images/background_slider_04.jpg]
[www.meleti.org/images/home_background_01.jpg]
[www.meleti.org/images/team/zr.jpg]
[maxcdn.bootstrapcdn.com/bootstrap/3.3.7/css/bootstrap.min.css]
[top-app.site/css/css.css]
[www.clubio.net/css/bootstrap.min.css]
[www.clubio.net/css/smoke.min.css]
[cdnjs.cloudflare.com/ajax/libs/jasny-bootstrap/3.1.3/css/jasny-bootstrap.min.css]
[www.clubio.net/css/datepicker.css]
[www.clubio.net/css/slider.min.css]
[www.clubio.net/css/jquery.raty.css]
[www.clubio.net/css/chosen.css]
[maxcdn.bootstrapcdn.com/font-awesome/4.3.0/css/font-awesome.min.css]
[pupunzi.com/mb.components/mb.YTPlayer/demo/css/YTPlayer.css]
[www.clubio.net/css/simple-line-icons.css]
[www.clubio.net/css/animate.css]
[www.clubio.net/css/flags.css]
[www.clubio.net/css/style2.css]
[www.clubio.net/js/jquery.min.js]
[www.clubio.net/js/modernizr.custom.js]
[www.clubio.net/js/smoke.min.js]
[www.clubio.net/js/datepicker.js]
[www.clubio.net/js/slider.min.js]
[www.clubio.net/js/jquery.raty.js]
[www.clubio.net/js/chosen.jquery.js]
[www.clubio.net/js/jquery.transit.js]
[www.clubio.net/js/oauth.min.js]
[www.clubio.net/js/jquery.parallax-1.1.3.js]
[www.clubio.net/js/imagesloaded.pkgd.js]
[www.clubio.net/js/jquery.sticky.js]
[www.clubio.net/js/smoothscroll.js]
[www.clubio.net/js/jquery.panelSnap.js]
[www.clubio.net/js/wow.min.js]
[www.clubio.net/js/jquery.easypiechart.js]
[www.clubio.net/js/waypoints.min.js]
[www.clubio.net/js/jquery.cbpQTRotator.js]
[www.clubio.net/js/jquery.mb.YTPlayer.min.js]
[www.clubio.net/js/jquery.viewportchecker.js]
[www.clubio.net/js/jquery.validate.min.js]
[www.clubio.net/js/jquery.payment.min.js]
[www.clubio.net/js/jquery.oauthpopup.js]
[www.clubio.net/js/script.js]
[connect.facebook.net/de_DE/sdk.js]
[static.parastorage.com/services/third-party/requirejs/2.1.15/require.min.js]
[static.parastorage.com/services/santa/1.2648.18/app/main-r.min.js]
[static.wixstatic.com/media/06f398_96da2b3ddbf74cf8936fd5d517c3cd2b_mv2_d_4268_4268_s_4_2.png/v1/fill/w_32,h_32,lg_1,usm_0.66_1.00_0.01/06f398_96da2b3ddbf74cf8936fd5d517c3cd2b_mv2_d_4268_4268_s_4_2.png]
[www.spoileralert.life/feed.html]
[gmpg.org/xfn/default.css]
[lerative.com/index905b.html]
[lerative.com/index2c90.html]
[lerative.com/index1c00.html]
[lerative.com/indexbde5.html]
[topas.site/css/css.css]
[theme.pixflow.net/massive-dynamic/startup2/wp-content/uploads/2017/04/Massive-Dynamic-2.html]
